[2019-12-02T17:05:57.099-0300][gc,heap] Heap region size: 1M
[2019-12-02T17:05:57.112-0300][gc     ] Using G1
[2019-12-02T17:05:57.112-0300][gc,heap,coops] Heap address: 0x00000000c0000000, size: 1024 MB, Compressed Oops mode: 32-bit
[2019-12-02T17:05:57.112-0300][gc,cds       ] Mark closed archive regions in map: [0x00000000fff00000, 0x00000000fff69ff8]
[2019-12-02T17:05:57.112-0300][gc,cds       ] Mark open archive regions in map: [0x00000000ffe00000, 0x00000000ffe33ff8]
[2019-12-02T17:05:59.231-0300][gc,start     ] GC(0) Pause Young (Normal) (G1 Evacuation Pause)
[2019-12-02T17:05:59.231-0300][gc,task      ] GC(0) Using 6 workers of 6 for evacuation
[2019-12-02T17:05:59.247-0300][gc,phases    ] GC(0)   Pre Evacuate Collection Set: 0,0ms
[2019-12-02T17:05:59.247-0300][gc,phases    ] GC(0)   Evacuate Collection Set: 15,2ms
[2019-12-02T17:05:59.247-0300][gc,phases    ] GC(0)   Post Evacuate Collection Set: 0,6ms
[2019-12-02T17:05:59.248-0300][gc,phases    ] GC(0)   Other: 1,1ms
[2019-12-02T17:05:59.248-0300][gc,heap      ] GC(0) Eden regions: 51->0(44)
[2019-12-02T17:05:59.248-0300][gc,heap      ] GC(0) Survivor regions: 0->7(7)
[2019-12-02T17:05:59.248-0300][gc,heap      ] GC(0) Old regions: 2->2
[2019-12-02T17:05:59.248-0300][gc,heap      ] GC(0) Humongous regions: 0->0
[2019-12-02T17:05:59.248-0300][gc,metaspace ] GC(0) Metaspace: 16947K->16947K(1064960K)
[2019-12-02T17:05:59.248-0300][gc           ] GC(0) Pause Young (Normal) (G1 Evacuation Pause) 51M->6M(1024M) 17,029ms
[2019-12-02T17:05:59.248-0300][gc,cpu       ] GC(0) User=0,09s Sys=0,00s Real=0,02s
[2019-12-02T17:05:59.717-0300][gc,start     ] GC(1) Pause Young (Concurrent Start) (Metadata GC Threshold)
[2019-12-02T17:05:59.717-0300][gc,task      ] GC(1) Using 6 workers of 6 for evacuation
[2019-12-02T17:05:59.732-0300][gc,phases    ] GC(1)   Pre Evacuate Collection Set: 0,1ms
[2019-12-02T17:05:59.732-0300][gc,phases    ] GC(1)   Evacuate Collection Set: 13,8ms
[2019-12-02T17:05:59.732-0300][gc,phases    ] GC(1)   Post Evacuate Collection Set: 0,6ms
[2019-12-02T17:05:59.732-0300][gc,phases    ] GC(1)   Other: 0,4ms
[2019-12-02T17:05:59.732-0300][gc,heap      ] GC(1) Eden regions: 15->0(49)
[2019-12-02T17:05:59.732-0300][gc,heap      ] GC(1) Survivor regions: 7->2(7)
[2019-12-02T17:05:59.732-0300][gc,heap      ] GC(1) Old regions: 2->8
[2019-12-02T17:05:59.732-0300][gc,heap      ] GC(1) Humongous regions: 129->129
[2019-12-02T17:05:59.732-0300][gc,metaspace ] GC(1) Metaspace: 20409K->20409K(1067008K)
[2019-12-02T17:05:59.732-0300][gc           ] GC(1) Pause Young (Concurrent Start) (Metadata GC Threshold) 150M->136M(1024M) 15,043ms
[2019-12-02T17:05:59.732-0300][gc,cpu       ] GC(1) User=0,06s Sys=0,00s Real=0,02s
[2019-12-02T17:05:59.733-0300][gc           ] GC(2) Concurrent Cycle
[2019-12-02T17:05:59.733-0300][gc,marking   ] GC(2) Concurrent Clear Claimed Marks
[2019-12-02T17:05:59.733-0300][gc,marking   ] GC(2) Concurrent Clear Claimed Marks 0,042ms
[2019-12-02T17:05:59.733-0300][gc,marking   ] GC(2) Concurrent Scan Root Regions
[2019-12-02T17:05:59.734-0300][gc,marking   ] GC(2) Concurrent Scan Root Regions 1,654ms
[2019-12-02T17:05:59.734-0300][gc,marking   ] GC(2) Concurrent Mark (2,644s)
[2019-12-02T17:05:59.734-0300][gc,marking   ] GC(2) Concurrent Mark From Roots
[2019-12-02T17:05:59.734-0300][gc,task      ] GC(2) Using 2 workers of 2 for marking
[2019-12-02T17:05:59.741-0300][gc,marking   ] GC(2) Concurrent Mark From Roots 6,903ms
[2019-12-02T17:05:59.741-0300][gc,marking   ] GC(2) Concurrent Preclean
[2019-12-02T17:05:59.741-0300][gc,marking   ] GC(2) Concurrent Preclean 0,107ms
[2019-12-02T17:05:59.741-0300][gc,marking   ] GC(2) Concurrent Mark (2,644s, 2,651s) 7,056ms
[2019-12-02T17:05:59.742-0300][gc,start     ] GC(2) Pause Remark
[2019-12-02T17:05:59.744-0300][gc,stringtable] GC(2) Cleaned string and symbol table, strings: 4948 processed, 0 removed, symbols: 49193 processed, 48 removed
[2019-12-02T17:05:59.744-0300][gc            ] GC(2) Pause Remark 137M->137M(1024M) 2,715ms
[2019-12-02T17:05:59.744-0300][gc,cpu        ] GC(2) User=0,01s Sys=0,00s Real=0,00s
[2019-12-02T17:05:59.744-0300][gc,marking    ] GC(2) Concurrent Rebuild Remembered Sets
[2019-12-02T17:05:59.748-0300][gc,marking    ] GC(2) Concurrent Rebuild Remembered Sets 3,750ms
[2019-12-02T17:05:59.748-0300][gc,start      ] GC(2) Pause Cleanup
[2019-12-02T17:05:59.748-0300][gc            ] GC(2) Pause Cleanup 137M->137M(1024M) 0,272ms
[2019-12-02T17:05:59.748-0300][gc,cpu        ] GC(2) User=0,00s Sys=0,00s Real=0,00s
[2019-12-02T17:05:59.748-0300][gc,marking    ] GC(2) Concurrent Cleanup for Next Mark
[2019-12-02T17:05:59.754-0300][gc,marking    ] GC(2) Concurrent Cleanup for Next Mark 5,537ms
[2019-12-02T17:05:59.754-0300][gc            ] GC(2) Concurrent Cycle 21,523ms
[2019-12-02T17:11:23.022-0300][gc,start      ] GC(3) Pause Young (Normal) (G1 Evacuation Pause)
[2019-12-02T17:11:23.023-0300][gc,task       ] GC(3) Using 6 workers of 6 for evacuation
[2019-12-02T17:11:23.031-0300][gc,phases     ] GC(3)   Pre Evacuate Collection Set: 0,1ms
[2019-12-02T17:11:23.031-0300][gc,phases     ] GC(3)   Evacuate Collection Set: 7,6ms
[2019-12-02T17:11:23.031-0300][gc,phases     ] GC(3)   Post Evacuate Collection Set: 0,7ms
[2019-12-02T17:11:23.031-0300][gc,phases     ] GC(3)   Other: 0,4ms
[2019-12-02T17:11:23.031-0300][gc,heap       ] GC(3) Eden regions: 49->0(46)
[2019-12-02T17:11:23.031-0300][gc,heap       ] GC(3) Survivor regions: 2->5(7)
[2019-12-02T17:11:23.031-0300][gc,heap       ] GC(3) Old regions: 8->8
[2019-12-02T17:11:23.031-0300][gc,heap       ] GC(3) Humongous regions: 129->129
[2019-12-02T17:11:23.031-0300][gc,metaspace  ] GC(3) Metaspace: 29525K->29525K(1075200K)
[2019-12-02T17:11:23.031-0300][gc            ] GC(3) Pause Young (Normal) (G1 Evacuation Pause) 185M->140M(1024M) 8,938ms
[2019-12-02T17:11:23.031-0300][gc,cpu        ] GC(3) User=0,04s Sys=0,00s Real=0,01s
[2019-12-02T17:14:20.643-0300][gc,heap,exit  ] Heap
[2019-12-02T17:14:20.643-0300][gc,heap,exit  ]  garbage-first heap   total 1048576K, used 155656K [0x00000000c0000000, 0x0000000100000000)
[2019-12-02T17:14:20.643-0300][gc,heap,exit  ]   region size 1024K, 18 young (18432K), 5 survivors (5120K)
[2019-12-02T17:14:20.643-0300][gc,heap,exit  ]  Metaspace       used 30441K, capacity 31922K, committed 32048K, reserved 1077248K
[2019-12-02T17:14:20.643-0300][gc,heap,exit  ]   class space    used 4236K, capacity 4942K, committed 4992K, reserved 1048576K
