[2019-12-02T17:14:26.329-0300][gc,heap] Heap region size: 1M
[2019-12-02T17:14:26.344-0300][gc     ] Using G1
[2019-12-02T17:14:26.345-0300][gc,heap,coops] Heap address: 0x00000000c0000000, size: 1024 MB, Compressed Oops mode: 32-bit
[2019-12-02T17:14:26.345-0300][gc,cds       ] Mark closed archive regions in map: [0x00000000fff00000, 0x00000000fff69ff8]
[2019-12-02T17:14:26.345-0300][gc,cds       ] Mark open archive regions in map: [0x00000000ffe00000, 0x00000000ffe33ff8]
[2019-12-02T17:14:27.872-0300][gc,start     ] GC(0) Pause Young (Normal) (G1 Evacuation Pause)
[2019-12-02T17:14:27.873-0300][gc,task      ] GC(0) Using 6 workers of 6 for evacuation
[2019-12-02T17:14:27.887-0300][gc,phases    ] GC(0)   Pre Evacuate Collection Set: 0,1ms
[2019-12-02T17:14:27.887-0300][gc,phases    ] GC(0)   Evacuate Collection Set: 13,4ms
[2019-12-02T17:14:27.887-0300][gc,phases    ] GC(0)   Post Evacuate Collection Set: 0,5ms
[2019-12-02T17:14:27.887-0300][gc,phases    ] GC(0)   Other: 0,9ms
[2019-12-02T17:14:27.887-0300][gc,heap      ] GC(0) Eden regions: 51->0(45)
[2019-12-02T17:14:27.887-0300][gc,heap      ] GC(0) Survivor regions: 0->6(7)
[2019-12-02T17:14:27.887-0300][gc,heap      ] GC(0) Old regions: 2->2
[2019-12-02T17:14:27.887-0300][gc,heap      ] GC(0) Humongous regions: 0->0
[2019-12-02T17:14:27.887-0300][gc,metaspace ] GC(0) Metaspace: 16913K->16913K(1064960K)
[2019-12-02T17:14:27.887-0300][gc           ] GC(0) Pause Young (Normal) (G1 Evacuation Pause) 51M->6M(1024M) 15,027ms
[2019-12-02T17:14:27.887-0300][gc,cpu       ] GC(0) User=0,08s Sys=0,00s Real=0,01s
[2019-12-02T17:14:28.217-0300][gc,start     ] GC(1) Pause Young (Concurrent Start) (Metadata GC Threshold)
[2019-12-02T17:14:28.217-0300][gc,task      ] GC(1) Using 6 workers of 6 for evacuation
[2019-12-02T17:14:28.230-0300][gc,phases    ] GC(1)   Pre Evacuate Collection Set: 0,1ms
[2019-12-02T17:14:28.230-0300][gc,phases    ] GC(1)   Evacuate Collection Set: 12,7ms
[2019-12-02T17:14:28.230-0300][gc,phases    ] GC(1)   Post Evacuate Collection Set: 0,4ms
[2019-12-02T17:14:28.230-0300][gc,phases    ] GC(1)   Other: 0,3ms
[2019-12-02T17:14:28.230-0300][gc,heap      ] GC(1) Eden regions: 15->0(49)
[2019-12-02T17:14:28.230-0300][gc,heap      ] GC(1) Survivor regions: 6->2(7)
[2019-12-02T17:14:28.230-0300][gc,heap      ] GC(1) Old regions: 2->8
[2019-12-02T17:14:28.230-0300][gc,heap      ] GC(1) Humongous regions: 129->129
[2019-12-02T17:14:28.230-0300][gc,metaspace ] GC(1) Metaspace: 20566K->20566K(1067008K)
[2019-12-02T17:14:28.230-0300][gc           ] GC(1) Pause Young (Concurrent Start) (Metadata GC Threshold) 150M->137M(1024M) 13,484ms
[2019-12-02T17:14:28.230-0300][gc,cpu       ] GC(1) User=0,05s Sys=0,01s Real=0,01s
[2019-12-02T17:14:28.230-0300][gc           ] GC(2) Concurrent Cycle
[2019-12-02T17:14:28.231-0300][gc,marking   ] GC(2) Concurrent Clear Claimed Marks
[2019-12-02T17:14:28.231-0300][gc,marking   ] GC(2) Concurrent Clear Claimed Marks 0,036ms
[2019-12-02T17:14:28.231-0300][gc,marking   ] GC(2) Concurrent Scan Root Regions
[2019-12-02T17:14:28.231-0300][gc,marking   ] GC(2) Concurrent Scan Root Regions 0,864ms
[2019-12-02T17:14:28.231-0300][gc,marking   ] GC(2) Concurrent Mark (1,909s)
[2019-12-02T17:14:28.231-0300][gc,marking   ] GC(2) Concurrent Mark From Roots
[2019-12-02T17:14:28.231-0300][gc,task      ] GC(2) Using 2 workers of 2 for marking
[2019-12-02T17:14:28.239-0300][gc,marking   ] GC(2) Concurrent Mark From Roots 7,541ms
[2019-12-02T17:14:28.239-0300][gc,marking   ] GC(2) Concurrent Preclean
[2019-12-02T17:14:28.239-0300][gc,marking   ] GC(2) Concurrent Preclean 0,171ms
[2019-12-02T17:14:28.239-0300][gc,marking   ] GC(2) Concurrent Mark (1,909s, 1,916s) 7,776ms
[2019-12-02T17:14:28.239-0300][gc,start     ] GC(2) Pause Remark
[2019-12-02T17:14:28.242-0300][gc,stringtable] GC(2) Cleaned string and symbol table, strings: 4915 processed, 0 removed, symbols: 50425 processed, 45 removed
[2019-12-02T17:14:28.242-0300][gc            ] GC(2) Pause Remark 138M->138M(1024M) 2,543ms
[2019-12-02T17:14:28.242-0300][gc,cpu        ] GC(2) User=0,01s Sys=0,00s Real=0,00s
[2019-12-02T17:14:28.242-0300][gc,marking    ] GC(2) Concurrent Rebuild Remembered Sets
[2019-12-02T17:14:28.245-0300][gc,marking    ] GC(2) Concurrent Rebuild Remembered Sets 3,323ms
[2019-12-02T17:14:28.245-0300][gc,start      ] GC(2) Pause Cleanup
[2019-12-02T17:14:28.246-0300][gc            ] GC(2) Pause Cleanup 138M->138M(1024M) 0,378ms
[2019-12-02T17:14:28.246-0300][gc,cpu        ] GC(2) User=0,00s Sys=0,00s Real=0,00s
[2019-12-02T17:14:28.246-0300][gc,marking    ] GC(2) Concurrent Cleanup for Next Mark
[2019-12-02T17:14:28.253-0300][gc,marking    ] GC(2) Concurrent Cleanup for Next Mark 6,949ms
[2019-12-02T17:14:28.253-0300][gc            ] GC(2) Concurrent Cycle 22,436ms
[2019-12-02T17:14:38.474-0300][gc,start      ] GC(3) Pause Young (Normal) (G1 Evacuation Pause)
[2019-12-02T17:14:38.474-0300][gc,task       ] GC(3) Using 6 workers of 6 for evacuation
[2019-12-02T17:14:38.483-0300][gc,phases     ] GC(3)   Pre Evacuate Collection Set: 0,0ms
[2019-12-02T17:14:38.483-0300][gc,phases     ] GC(3)   Evacuate Collection Set: 7,4ms
[2019-12-02T17:14:38.483-0300][gc,phases     ] GC(3)   Post Evacuate Collection Set: 0,7ms
[2019-12-02T17:14:38.483-0300][gc,phases     ] GC(3)   Other: 0,2ms
[2019-12-02T17:14:38.483-0300][gc,heap       ] GC(3) Eden regions: 49->0(46)
[2019-12-02T17:14:38.483-0300][gc,heap       ] GC(3) Survivor regions: 2->5(7)
[2019-12-02T17:14:38.483-0300][gc,heap       ] GC(3) Old regions: 8->8
[2019-12-02T17:14:38.483-0300][gc,heap       ] GC(3) Humongous regions: 129->129
[2019-12-02T17:14:38.483-0300][gc,metaspace  ] GC(3) Metaspace: 30476K->30476K(1077248K)
[2019-12-02T17:14:38.483-0300][gc            ] GC(3) Pause Young (Normal) (G1 Evacuation Pause) 186M->140M(1024M) 8,525ms
[2019-12-02T17:14:38.483-0300][gc,cpu        ] GC(3) User=0,03s Sys=0,00s Real=0,01s
[2019-12-02T17:26:03.246-0300][gc,start      ] GC(4) Pause Young (Concurrent Start) (Metadata GC Threshold)
[2019-12-02T17:26:03.246-0300][gc,task       ] GC(4) Using 6 workers of 6 for evacuation
[2019-12-02T17:26:03.256-0300][gc,phases     ] GC(4)   Pre Evacuate Collection Set: 0,1ms
[2019-12-02T17:26:03.256-0300][gc,phases     ] GC(4)   Evacuate Collection Set: 8,8ms
[2019-12-02T17:26:03.256-0300][gc,phases     ] GC(4)   Post Evacuate Collection Set: 0,8ms
[2019-12-02T17:26:03.256-0300][gc,phases     ] GC(4)   Other: 0,3ms
[2019-12-02T17:26:03.256-0300][gc,heap       ] GC(4) Eden regions: 43->0(49)
[2019-12-02T17:26:03.256-0300][gc,heap       ] GC(4) Survivor regions: 5->2(7)
[2019-12-02T17:26:03.256-0300][gc,heap       ] GC(4) Old regions: 8->13
[2019-12-02T17:26:03.256-0300][gc,heap       ] GC(4) Humongous regions: 129->129
[2019-12-02T17:26:03.256-0300][gc,metaspace  ] GC(4) Metaspace: 33765K->33765K(1079296K)
[2019-12-02T17:26:03.256-0300][gc            ] GC(4) Pause Young (Concurrent Start) (Metadata GC Threshold) 183M->141M(1024M) 10,156ms
[2019-12-02T17:26:03.256-0300][gc,cpu        ] GC(4) User=0,06s Sys=0,00s Real=0,01s
[2019-12-02T17:26:03.256-0300][gc            ] GC(5) Concurrent Cycle
[2019-12-02T17:26:03.256-0300][gc,marking    ] GC(5) Concurrent Clear Claimed Marks
[2019-12-02T17:26:03.256-0300][gc,marking    ] GC(5) Concurrent Clear Claimed Marks 0,077ms
[2019-12-02T17:26:03.256-0300][gc,marking    ] GC(5) Concurrent Scan Root Regions
[2019-12-02T17:26:03.257-0300][gc,marking    ] GC(5) Concurrent Scan Root Regions 1,395ms
[2019-12-02T17:26:03.257-0300][gc,marking    ] GC(5) Concurrent Mark (696,935s)
[2019-12-02T17:26:03.257-0300][gc,marking    ] GC(5) Concurrent Mark From Roots
[2019-12-02T17:26:03.257-0300][gc,task       ] GC(5) Using 2 workers of 2 for marking
[2019-12-02T17:26:03.272-0300][gc,marking    ] GC(5) Concurrent Mark From Roots 14,630ms
[2019-12-02T17:26:03.272-0300][gc,marking    ] GC(5) Concurrent Preclean
[2019-12-02T17:26:03.272-0300][gc,marking    ] GC(5) Concurrent Preclean 0,094ms
[2019-12-02T17:26:03.272-0300][gc,marking    ] GC(5) Concurrent Mark (696,935s, 696,949s) 14,784ms
[2019-12-02T17:26:03.272-0300][gc,start      ] GC(5) Pause Remark
[2019-12-02T17:26:03.277-0300][gc,stringtable] GC(5) Cleaned string and symbol table, strings: 8743 processed, 9 removed, symbols: 72741 processed, 17 removed
[2019-12-02T17:26:03.277-0300][gc            ] GC(5) Pause Remark 142M->142M(1024M) 4,843ms
[2019-12-02T17:26:03.277-0300][gc,cpu        ] GC(5) User=0,02s Sys=0,00s Real=0,00s
[2019-12-02T17:26:03.277-0300][gc,marking    ] GC(5) Concurrent Rebuild Remembered Sets
[2019-12-02T17:26:03.285-0300][gc,marking    ] GC(5) Concurrent Rebuild Remembered Sets 7,342ms
[2019-12-02T17:26:03.285-0300][gc,start      ] GC(5) Pause Cleanup
[2019-12-02T17:26:03.285-0300][gc            ] GC(5) Pause Cleanup 142M->142M(1024M) 0,397ms
[2019-12-02T17:26:03.285-0300][gc,cpu        ] GC(5) User=0,00s Sys=0,00s Real=0,00s
[2019-12-02T17:26:03.285-0300][gc,marking    ] GC(5) Concurrent Cleanup for Next Mark
[2019-12-02T17:26:03.292-0300][gc,marking    ] GC(5) Concurrent Cleanup for Next Mark 7,024ms
[2019-12-02T17:26:03.292-0300][gc            ] GC(5) Concurrent Cycle 36,450ms
[2019-12-02T17:36:36.376-0300][gc,start      ] GC(6) Pause Young (Normal) (G1 Evacuation Pause)
[2019-12-02T17:36:36.385-0300][gc,task       ] GC(6) Using 6 workers of 6 for evacuation
[2019-12-02T17:36:36.396-0300][gc,phases     ] GC(6)   Pre Evacuate Collection Set: 0,0ms
[2019-12-02T17:36:36.396-0300][gc,phases     ] GC(6)   Evacuate Collection Set: 10,0ms
[2019-12-02T17:36:36.396-0300][gc,phases     ] GC(6)   Post Evacuate Collection Set: 0,7ms
[2019-12-02T17:36:36.396-0300][gc,phases     ] GC(6)   Other: 9,2ms
[2019-12-02T17:36:36.396-0300][gc,heap       ] GC(6) Eden regions: 49->0(47)
[2019-12-02T17:36:36.396-0300][gc,heap       ] GC(6) Survivor regions: 2->4(7)
[2019-12-02T17:36:36.396-0300][gc,heap       ] GC(6) Old regions: 13->13
[2019-12-02T17:36:36.396-0300][gc,heap       ] GC(6) Humongous regions: 129->129
[2019-12-02T17:36:36.396-0300][gc,metaspace  ] GC(6) Metaspace: 35720K->35720K(1081344K)
[2019-12-02T17:36:36.396-0300][gc            ] GC(6) Pause Young (Normal) (G1 Evacuation Pause) 190M->143M(1024M) 20,010ms
[2019-12-02T17:36:36.396-0300][gc,cpu        ] GC(6) User=0,04s Sys=0,00s Real=0,02s
[2019-12-02T17:39:58.277-0300][gc,heap,exit  ] Heap
[2019-12-02T17:39:58.277-0300][gc,heap,exit  ]  garbage-first heap   total 1048576K, used 174850K [0x00000000c0000000, 0x0000000100000000)
[2019-12-02T17:39:58.277-0300][gc,heap,exit  ]   region size 1024K, 32 young (32768K), 4 survivors (4096K)
[2019-12-02T17:39:58.277-0300][gc,heap,exit  ]  Metaspace       used 36614K, capacity 39154K, committed 39344K, reserved 1081344K
[2019-12-02T17:39:58.277-0300][gc,heap,exit  ]   class space    used 5364K, capacity 6578K, committed 6656K, reserved 1048576K
