[2019-12-02T17:39:58.502-0300][gc,heap] Heap region size: 1M
[2019-12-02T17:39:58.515-0300][gc     ] Using G1
[2019-12-02T17:39:58.515-0300][gc,heap,coops] Heap address: 0x00000000c0000000, size: 1024 MB, Compressed Oops mode: 32-bit
[2019-12-02T17:39:58.515-0300][gc,cds       ] Mark closed archive regions in map: [0x00000000fff00000, 0x00000000fff69ff8]
[2019-12-02T17:39:58.515-0300][gc,cds       ] Mark open archive regions in map: [0x00000000ffe00000, 0x00000000ffe33ff8]
[2019-12-02T17:40:00.608-0300][gc,start     ] GC(0) Pause Young (Normal) (G1 Evacuation Pause)
[2019-12-02T17:40:00.611-0300][gc,task      ] GC(0) Using 6 workers of 6 for evacuation
[2019-12-02T17:40:00.636-0300][gc,mmu       ] GC(0) MMU target violated: 21,0ms (20,0ms/21,0ms)
[2019-12-02T17:40:00.636-0300][gc,phases    ] GC(0)   Pre Evacuate Collection Set: 0,0ms
[2019-12-02T17:40:00.636-0300][gc,phases    ] GC(0)   Evacuate Collection Set: 24,1ms
[2019-12-02T17:40:00.636-0300][gc,phases    ] GC(0)   Post Evacuate Collection Set: 0,8ms
[2019-12-02T17:40:00.636-0300][gc,phases    ] GC(0)   Other: 3,4ms
[2019-12-02T17:40:00.636-0300][gc,heap      ] GC(0) Eden regions: 51->0(44)
[2019-12-02T17:40:00.636-0300][gc,heap      ] GC(0) Survivor regions: 0->7(7)
[2019-12-02T17:40:00.636-0300][gc,heap      ] GC(0) Old regions: 2->2
[2019-12-02T17:40:00.637-0300][gc,heap      ] GC(0) Humongous regions: 0->0
[2019-12-02T17:40:00.637-0300][gc,metaspace ] GC(0) Metaspace: 16916K->16916K(1064960K)
[2019-12-02T17:40:00.637-0300][gc           ] GC(0) Pause Young (Normal) (G1 Evacuation Pause) 51M->6M(1024M) 28,454ms
[2019-12-02T17:40:00.637-0300][gc,cpu       ] GC(0) User=0,07s Sys=0,01s Real=0,03s
[2019-12-02T17:40:01.061-0300][gc,start     ] GC(1) Pause Young (Concurrent Start) (Metadata GC Threshold)
[2019-12-02T17:40:01.061-0300][gc,task      ] GC(1) Using 6 workers of 6 for evacuation
[2019-12-02T17:40:01.076-0300][gc,phases    ] GC(1)   Pre Evacuate Collection Set: 0,1ms
[2019-12-02T17:40:01.077-0300][gc,phases    ] GC(1)   Evacuate Collection Set: 14,5ms
[2019-12-02T17:40:01.077-0300][gc,phases    ] GC(1)   Post Evacuate Collection Set: 0,5ms
[2019-12-02T17:40:01.077-0300][gc,phases    ] GC(1)   Other: 0,3ms
[2019-12-02T17:40:01.077-0300][gc,heap      ] GC(1) Eden regions: 14->0(50)
[2019-12-02T17:40:01.077-0300][gc,heap      ] GC(1) Survivor regions: 7->1(7)
[2019-12-02T17:40:01.077-0300][gc,heap      ] GC(1) Old regions: 2->8
[2019-12-02T17:40:01.077-0300][gc,heap      ] GC(1) Humongous regions: 0->0
[2019-12-02T17:40:01.077-0300][gc,metaspace ] GC(1) Metaspace: 20555K->20555K(1067008K)
[2019-12-02T17:40:01.077-0300][gc           ] GC(1) Pause Young (Concurrent Start) (Metadata GC Threshold) 20M->7M(1024M) 15,454ms
[2019-12-02T17:40:01.077-0300][gc,cpu       ] GC(1) User=0,05s Sys=0,01s Real=0,01s
[2019-12-02T17:40:01.077-0300][gc           ] GC(2) Concurrent Cycle
[2019-12-02T17:40:01.077-0300][gc,marking   ] GC(2) Concurrent Clear Claimed Marks
[2019-12-02T17:40:01.077-0300][gc,marking   ] GC(2) Concurrent Clear Claimed Marks 0,039ms
[2019-12-02T17:40:01.077-0300][gc,marking   ] GC(2) Concurrent Scan Root Regions
[2019-12-02T17:40:01.078-0300][gc,marking   ] GC(2) Concurrent Scan Root Regions 0,912ms
[2019-12-02T17:40:01.078-0300][gc,marking   ] GC(2) Concurrent Mark (2,582s)
[2019-12-02T17:40:01.078-0300][gc,marking   ] GC(2) Concurrent Mark From Roots
[2019-12-02T17:40:01.078-0300][gc,task      ] GC(2) Using 2 workers of 2 for marking
[2019-12-02T17:40:01.087-0300][gc,marking   ] GC(2) Concurrent Mark From Roots 8,892ms
[2019-12-02T17:40:01.087-0300][gc,marking   ] GC(2) Concurrent Preclean
[2019-12-02T17:40:01.087-0300][gc,marking   ] GC(2) Concurrent Preclean 0,108ms
[2019-12-02T17:40:01.087-0300][gc,marking   ] GC(2) Concurrent Mark (2,582s, 2,591s) 9,053ms
[2019-12-02T17:40:01.087-0300][gc,start     ] GC(2) Pause Remark
[2019-12-02T17:40:01.089-0300][gc,stringtable] GC(2) Cleaned string and symbol table, strings: 4865 processed, 0 removed, symbols: 49962 processed, 52 removed
[2019-12-02T17:40:01.089-0300][gc            ] GC(2) Pause Remark 8M->8M(1024M) 2,623ms
[2019-12-02T17:40:01.090-0300][gc,cpu        ] GC(2) User=0,01s Sys=0,00s Real=0,00s
[2019-12-02T17:40:01.090-0300][gc,marking    ] GC(2) Concurrent Rebuild Remembered Sets
[2019-12-02T17:40:01.093-0300][gc,marking    ] GC(2) Concurrent Rebuild Remembered Sets 3,436ms
[2019-12-02T17:40:01.093-0300][gc,start      ] GC(2) Pause Cleanup
[2019-12-02T17:40:01.094-0300][gc            ] GC(2) Pause Cleanup 8M->8M(1024M) 0,390ms
[2019-12-02T17:40:01.094-0300][gc,cpu        ] GC(2) User=0,00s Sys=0,00s Real=0,00s
[2019-12-02T17:40:01.094-0300][gc,marking    ] GC(2) Concurrent Cleanup for Next Mark
[2019-12-02T17:40:01.102-0300][gc,marking    ] GC(2) Concurrent Cleanup for Next Mark 8,009ms
[2019-12-02T17:40:01.102-0300][gc            ] GC(2) Concurrent Cycle 24,961ms
[2019-12-02T17:40:03.701-0300][gc,start      ] GC(3) Pause Young (Normal) (G1 Evacuation Pause)
[2019-12-02T17:40:03.701-0300][gc,task       ] GC(3) Using 6 workers of 6 for evacuation
[2019-12-02T17:40:03.706-0300][gc,phases     ] GC(3)   Pre Evacuate Collection Set: 0,0ms
[2019-12-02T17:40:03.706-0300][gc,phases     ] GC(3)   Evacuate Collection Set: 4,1ms
[2019-12-02T17:40:03.706-0300][gc,phases     ] GC(3)   Post Evacuate Collection Set: 0,6ms
[2019-12-02T17:40:03.706-0300][gc,phases     ] GC(3)   Other: 0,2ms
[2019-12-02T17:40:03.706-0300][gc,heap       ] GC(3) Eden regions: 50->0(46)
[2019-12-02T17:40:03.706-0300][gc,heap       ] GC(3) Survivor regions: 1->5(7)
[2019-12-02T17:40:03.706-0300][gc,heap       ] GC(3) Old regions: 8->8
[2019-12-02T17:40:03.706-0300][gc,heap       ] GC(3) Humongous regions: 129->129
[2019-12-02T17:40:03.706-0300][gc,metaspace  ] GC(3) Metaspace: 29264K->29264K(1075200K)
[2019-12-02T17:40:03.706-0300][gc            ] GC(3) Pause Young (Normal) (G1 Evacuation Pause) 186M->140M(1024M) 4,946ms
[2019-12-02T17:40:03.706-0300][gc,cpu        ] GC(3) User=0,03s Sys=0,00s Real=0,00s
[2019-12-02T17:40:05.657-0300][gc,start      ] GC(4) Pause Young (Concurrent Start) (Metadata GC Threshold)
[2019-12-02T17:40:05.657-0300][gc,task       ] GC(4) Using 6 workers of 6 for evacuation
[2019-12-02T17:40:05.666-0300][gc,phases     ] GC(4)   Pre Evacuate Collection Set: 0,1ms
[2019-12-02T17:40:05.666-0300][gc,phases     ] GC(4)   Evacuate Collection Set: 8,4ms
[2019-12-02T17:40:05.666-0300][gc,phases     ] GC(4)   Post Evacuate Collection Set: 0,7ms
[2019-12-02T17:40:05.666-0300][gc,phases     ] GC(4)   Other: 0,3ms
[2019-12-02T17:40:05.666-0300][gc,heap       ] GC(4) Eden regions: 35->0(49)
[2019-12-02T17:40:05.666-0300][gc,heap       ] GC(4) Survivor regions: 5->2(7)
[2019-12-02T17:40:05.666-0300][gc,heap       ] GC(4) Old regions: 8->13
[2019-12-02T17:40:05.666-0300][gc,heap       ] GC(4) Humongous regions: 141->129
[2019-12-02T17:40:05.667-0300][gc,metaspace  ] GC(4) Metaspace: 33804K->33804K(1079296K)
[2019-12-02T17:40:05.667-0300][gc            ] GC(4) Pause Young (Concurrent Start) (Metadata GC Threshold) 187M->142M(1024M) 9,594ms
[2019-12-02T17:40:05.667-0300][gc,cpu        ] GC(4) User=0,04s Sys=0,01s Real=0,01s
[2019-12-02T17:40:05.667-0300][gc            ] GC(5) Concurrent Cycle
[2019-12-02T17:40:05.667-0300][gc,marking    ] GC(5) Concurrent Clear Claimed Marks
[2019-12-02T17:40:05.667-0300][gc,marking    ] GC(5) Concurrent Clear Claimed Marks 0,073ms
[2019-12-02T17:40:05.667-0300][gc,marking    ] GC(5) Concurrent Scan Root Regions
[2019-12-02T17:40:05.669-0300][gc,marking    ] GC(5) Concurrent Scan Root Regions 1,960ms
[2019-12-02T17:40:05.669-0300][gc,marking    ] GC(5) Concurrent Mark (7,173s)
[2019-12-02T17:40:05.669-0300][gc,marking    ] GC(5) Concurrent Mark From Roots
[2019-12-02T17:40:05.669-0300][gc,task       ] GC(5) Using 2 workers of 2 for marking
[2019-12-02T17:40:05.686-0300][gc,marking    ] GC(5) Concurrent Mark From Roots 16,911ms
[2019-12-02T17:40:05.686-0300][gc,marking    ] GC(5) Concurrent Preclean
[2019-12-02T17:40:05.686-0300][gc,marking    ] GC(5) Concurrent Preclean 0,140ms
[2019-12-02T17:40:05.686-0300][gc,marking    ] GC(5) Concurrent Mark (7,173s, 7,190s) 17,119ms
[2019-12-02T17:40:05.686-0300][gc,start      ] GC(5) Pause Remark
[2019-12-02T17:40:05.690-0300][gc,stringtable] GC(5) Cleaned string and symbol table, strings: 8670 processed, 9 removed, symbols: 72789 processed, 12 removed
[2019-12-02T17:40:05.690-0300][gc            ] GC(5) Pause Remark 142M->142M(1024M) 4,015ms
[2019-12-02T17:40:05.690-0300][gc,cpu        ] GC(5) User=0,02s Sys=0,00s Real=0,00s
[2019-12-02T17:40:05.690-0300][gc,marking    ] GC(5) Concurrent Rebuild Remembered Sets
[2019-12-02T17:40:05.697-0300][gc,marking    ] GC(5) Concurrent Rebuild Remembered Sets 6,535ms
[2019-12-02T17:40:05.697-0300][gc,start      ] GC(5) Pause Cleanup
[2019-12-02T17:40:05.697-0300][gc            ] GC(5) Pause Cleanup 142M->142M(1024M) 0,292ms
[2019-12-02T17:40:05.697-0300][gc,cpu        ] GC(5) User=0,00s Sys=0,00s Real=0,00s
[2019-12-02T17:40:05.697-0300][gc,marking    ] GC(5) Concurrent Cleanup for Next Mark
[2019-12-02T17:40:05.702-0300][gc,marking    ] GC(5) Concurrent Cleanup for Next Mark 5,239ms
[2019-12-02T17:40:05.702-0300][gc            ] GC(5) Concurrent Cycle 35,787ms
[2019-12-02T17:46:48.236-0300][gc,start      ] GC(6) Pause Young (Normal) (G1 Evacuation Pause)
[2019-12-02T17:46:48.236-0300][gc,task       ] GC(6) Using 6 workers of 6 for evacuation
[2019-12-02T17:46:48.245-0300][gc,phases     ] GC(6)   Pre Evacuate Collection Set: 0,1ms
[2019-12-02T17:46:48.245-0300][gc,phases     ] GC(6)   Evacuate Collection Set: 7,6ms
[2019-12-02T17:46:48.245-0300][gc,phases     ] GC(6)   Post Evacuate Collection Set: 0,8ms
[2019-12-02T17:46:48.245-0300][gc,phases     ] GC(6)   Other: 0,4ms
[2019-12-02T17:46:48.245-0300][gc,heap       ] GC(6) Eden regions: 49->0(47)
[2019-12-02T17:46:48.245-0300][gc,heap       ] GC(6) Survivor regions: 2->4(7)
[2019-12-02T17:46:48.245-0300][gc,heap       ] GC(6) Old regions: 13->13
[2019-12-02T17:46:48.245-0300][gc,heap       ] GC(6) Humongous regions: 129->129
[2019-12-02T17:46:48.245-0300][gc,metaspace  ] GC(6) Metaspace: 36187K->36187K(1081344K)
[2019-12-02T17:46:48.245-0300][gc            ] GC(6) Pause Young (Normal) (G1 Evacuation Pause) 191M->144M(1024M) 8,911ms
[2019-12-02T17:46:48.245-0300][gc,cpu        ] GC(6) User=0,04s Sys=0,00s Real=0,01s
[2019-12-02T17:54:38.112-0300][gc,start      ] GC(7) Pause Young (Normal) (G1 Evacuation Pause)
[2019-12-02T17:54:38.112-0300][gc,task       ] GC(7) Using 6 workers of 6 for evacuation
[2019-12-02T17:54:38.120-0300][gc,phases     ] GC(7)   Pre Evacuate Collection Set: 0,1ms
[2019-12-02T17:54:38.120-0300][gc,phases     ] GC(7)   Evacuate Collection Set: 6,6ms
[2019-12-02T17:54:38.120-0300][gc,phases     ] GC(7)   Post Evacuate Collection Set: 0,7ms
[2019-12-02T17:54:38.120-0300][gc,phases     ] GC(7)   Other: 0,3ms
[2019-12-02T17:54:38.120-0300][gc,heap       ] GC(7) Eden regions: 47->0(48)
[2019-12-02T17:54:38.120-0300][gc,heap       ] GC(7) Survivor regions: 4->3(7)
[2019-12-02T17:54:38.120-0300][gc,heap       ] GC(7) Old regions: 13->14
[2019-12-02T17:54:38.120-0300][gc,heap       ] GC(7) Humongous regions: 129->129
[2019-12-02T17:54:38.120-0300][gc,metaspace  ] GC(7) Metaspace: 36368K->36368K(1081344K)
[2019-12-02T17:54:38.120-0300][gc            ] GC(7) Pause Young (Normal) (G1 Evacuation Pause) 191M->144M(1024M) 7,774ms
[2019-12-02T17:54:38.120-0300][gc,cpu        ] GC(7) User=0,03s Sys=0,00s Real=0,01s
[2019-12-02T18:03:02.082-0300][gc,start      ] GC(8) Pause Young (Normal) (G1 Evacuation Pause)
[2019-12-02T18:03:02.082-0300][gc,task       ] GC(8) Using 6 workers of 6 for evacuation
[2019-12-02T18:03:02.088-0300][gc,phases     ] GC(8)   Pre Evacuate Collection Set: 0,0ms
[2019-12-02T18:03:02.088-0300][gc,phases     ] GC(8)   Evacuate Collection Set: 4,8ms
[2019-12-02T18:03:02.088-0300][gc,phases     ] GC(8)   Post Evacuate Collection Set: 0,7ms
[2019-12-02T18:03:02.088-0300][gc,phases     ] GC(8)   Other: 0,2ms
[2019-12-02T18:03:02.088-0300][gc,heap       ] GC(8) Eden regions: 48->0(48)
[2019-12-02T18:03:02.088-0300][gc,heap       ] GC(8) Survivor regions: 3->3(7)
[2019-12-02T18:03:02.088-0300][gc,heap       ] GC(8) Old regions: 14->14
[2019-12-02T18:03:02.088-0300][gc,heap       ] GC(8) Humongous regions: 129->129
[2019-12-02T18:03:02.088-0300][gc,metaspace  ] GC(8) Metaspace: 36555K->36555K(1081344K)
[2019-12-02T18:03:02.088-0300][gc            ] GC(8) Pause Young (Normal) (G1 Evacuation Pause) 192M->144M(1024M) 5,931ms
[2019-12-02T18:03:02.088-0300][gc,cpu        ] GC(8) User=0,01s Sys=0,00s Real=0,00s
