[2019-12-01T21:27:25.484-0300][gc,heap] Heap region size: 1M
[2019-12-01T21:27:25.494-0300][gc     ] Using G1
[2019-12-01T21:27:25.494-0300][gc,heap,coops] Heap address: 0x00000000e0000000, size: 512 MB, Compressed Oops mode: 32-bit
[2019-12-01T21:27:25.495-0300][gc,cds       ] Mark closed archive regions in map: [0x00000000fff00000, 0x00000000fff69ff8]
[2019-12-01T21:27:25.495-0300][gc,cds       ] Mark open archive regions in map: [0x00000000ffe00000, 0x00000000ffe33ff8]
[2019-12-01T21:44:00.677-0300][gc,heap,exit ] Heap
[2019-12-01T21:44:00.926-0300][gc,heap,exit ]  garbage-first heap   total 524288K, used 24184K [0x00000000e0000000, 0x0000000100000000)
[2019-12-01T21:44:00.926-0300][gc,heap,exit ]   region size 1024K, 24 young (24576K), 0 survivors (0K)
[2019-12-01T21:44:00.926-0300][gc,heap,exit ]  Metaspace       used 7651K, capacity 7987K, committed 8192K, reserved 1056768K
[2019-12-01T21:44:00.926-0300][gc,heap,exit ]   class space    used 842K, capacity 962K, committed 1024K, reserved 1048576K
