[2019-12-01T23:07:14.888-0300][gc,heap] Heap region size: 1M
[2019-12-01T23:07:14.897-0300][gc     ] Using G1
[2019-12-01T23:07:14.897-0300][gc,heap,coops] Heap address: 0x00000000e0000000, size: 512 MB, Compressed Oops mode: 32-bit
[2019-12-01T23:07:14.897-0300][gc,cds       ] Mark closed archive regions in map: [0x00000000fff00000, 0x00000000fff69ff8]
[2019-12-01T23:07:14.897-0300][gc,cds       ] Mark open archive regions in map: [0x00000000ffe00000, 0x00000000ffe33ff8]
[2019-12-01T23:56:26.280-0300][gc,start     ] GC(0) Pause Young (Normal) (G1 Evacuation Pause)
[2019-12-01T23:56:26.281-0300][gc,task      ] GC(0) Using 6 workers of 6 for evacuation
[2019-12-01T23:56:26.298-0300][gc,phases    ] GC(0)   Pre Evacuate Collection Set: 0,0ms
[2019-12-01T23:56:26.298-0300][gc,phases    ] GC(0)   Evacuate Collection Set: 16,5ms
[2019-12-01T23:56:26.298-0300][gc,phases    ] GC(0)   Post Evacuate Collection Set: 0,4ms
[2019-12-01T23:56:26.298-0300][gc,phases    ] GC(0)   Other: 0,9ms
[2019-12-01T23:56:26.298-0300][gc,heap      ] GC(0) Eden regions: 25->0(21)
[2019-12-01T23:56:26.298-0300][gc,heap      ] GC(0) Survivor regions: 0->4(4)
[2019-12-01T23:56:26.298-0300][gc,heap      ] GC(0) Old regions: 2->3
[2019-12-01T23:56:26.298-0300][gc,heap      ] GC(0) Humongous regions: 0->0
[2019-12-01T23:56:26.298-0300][gc,metaspace ] GC(0) Metaspace: 7658K->7658K(1056768K)
[2019-12-01T23:56:26.298-0300][gc           ] GC(0) Pause Young (Normal) (G1 Evacuation Pause) 25M->5M(512M) 17,874ms
[2019-12-01T23:56:26.298-0300][gc,cpu       ] GC(0) User=0,08s Sys=0,01s Real=0,02s
[2019-12-02T00:37:33.434-0300][gc,heap,exit ] Heap
[2019-12-02T00:37:34.377-0300][gc,heap,exit ]  garbage-first heap   total 524288K, used 10741K [0x00000000e0000000, 0x0000000100000000)
[2019-12-02T00:37:34.377-0300][gc,heap,exit ]   region size 1024K, 10 young (10240K), 4 survivors (4096K)
[2019-12-02T00:37:34.377-0300][gc,heap,exit ]  Metaspace       used 7707K, capacity 8051K, committed 8192K, reserved 1056768K
[2019-12-02T00:37:34.378-0300][gc,heap,exit ]   class space    used 842K, capacity 962K, committed 1024K, reserved 1048576K
