[2019-12-02T17:14:17.007-0300][gc,heap] Heap region size: 1M
[2019-12-02T17:14:17.015-0300][gc     ] Using G1
[2019-12-02T17:14:17.015-0300][gc,heap,coops] Heap address: 0x00000000e0000000, size: 512 MB, Compressed Oops mode: 32-bit
[2019-12-02T17:14:17.015-0300][gc,cds       ] Mark closed archive regions in map: [0x00000000fff00000, 0x00000000fff69ff8]
[2019-12-02T17:14:17.015-0300][gc,cds       ] Mark open archive regions in map: [0x00000000ffe00000, 0x00000000ffe33ff8]
[2019-12-02T17:39:39.788-0300][gc,start     ] GC(0) Pause Young (Normal) (G1 Evacuation Pause)
[2019-12-02T17:39:39.797-0300][gc,task      ] GC(0) Using 6 workers of 6 for evacuation
[2019-12-02T17:39:39.814-0300][gc,phases    ] GC(0)   Pre Evacuate Collection Set: 0,0ms
[2019-12-02T17:39:39.814-0300][gc,phases    ] GC(0)   Evacuate Collection Set: 15,6ms
[2019-12-02T17:39:39.814-0300][gc,phases    ] GC(0)   Post Evacuate Collection Set: 0,5ms
[2019-12-02T17:39:39.814-0300][gc,phases    ] GC(0)   Other: 9,7ms
[2019-12-02T17:39:39.814-0300][gc,heap      ] GC(0) Eden regions: 25->0(21)
[2019-12-02T17:39:39.814-0300][gc,heap      ] GC(0) Survivor regions: 0->4(4)
[2019-12-02T17:39:39.814-0300][gc,heap      ] GC(0) Old regions: 2->4
[2019-12-02T17:39:39.814-0300][gc,heap      ] GC(0) Humongous regions: 0->0
[2019-12-02T17:39:39.814-0300][gc,metaspace ] GC(0) Metaspace: 7739K->7739K(1056768K)
[2019-12-02T17:39:39.814-0300][gc           ] GC(0) Pause Young (Normal) (G1 Evacuation Pause) 25M->5M(512M) 25,876ms
[2019-12-02T17:39:39.814-0300][gc,cpu       ] GC(0) User=0,09s Sys=0,00s Real=0,03s
[2019-12-02T17:39:39.816-0300][gc,heap,exit ] Heap
[2019-12-02T17:39:39.816-0300][gc,heap,exit ]  garbage-first heap   total 524288K, used 5833K [0x00000000e0000000, 0x0000000100000000)
[2019-12-02T17:39:39.816-0300][gc,heap,exit ]   region size 1024K, 5 young (5120K), 4 survivors (4096K)
[2019-12-02T17:39:39.816-0300][gc,heap,exit ]  Metaspace       used 7743K, capacity 8051K, committed 8192K, reserved 1056768K
[2019-12-02T17:39:39.816-0300][gc,heap,exit ]   class space    used 844K, capacity 962K, committed 1024K, reserved 1048576K
